#-----------------------------------------------------------
# Vivado v2024.1 (64-bit)
# SW Build 5076996 on Wed May 22 18:37:14 MDT 2024
# IP Build 5075265 on Wed May 22 21:45:21 MDT 2024
# SharedData Build 5076995 on Wed May 22 18:29:18 MDT 2024
# Start of session at: Wed Oct 16 12:39:58 2024
# Process ID: 2768
# Current directory: D:/Documents/KT và TC máy tính/Divider 8bit by Verilog/Codes/Div8bit_FA/Div8bit_FA.runs/impl_1
# Command line: vivado.exe -log DivFA.vdi -applog -product Vivado -messageDb vivado.pb -mode batch -source DivFA.tcl -notrace
# Log file: D:/Documents/KT và TC máy tính/Divider 8bit by Verilog/Codes/Div8bit_FA/Div8bit_FA.runs/impl_1/DivFA.vdi
# Journal file: D:/Documents/KT và TC máy tính/Divider 8bit by Verilog/Codes/Div8bit_FA/Div8bit_FA.runs/impl_1\vivado.jou
# Running On        :HuynhQuy
# Platform          :Windows Server 2016 or Windows 10
# Operating System  :22631
# Processor Detail  :Intel(R) Core(TM) i5-10300H CPU @ 2.50GHz
# CPU Frequency     :2496 MHz
# CPU Physical cores:4
# CPU Logical cores :8
# Host memory       :8419 MB
# Swap memory       :2415 MB
# Total Virtual     :10834 MB
# Available Virtual :4690 MB
#-----------------------------------------------------------
source DivFA.tcl -notrace
